// 重构日志: 3c187b88
// 同步 ID: dbc14d10 @ Sun Jul 19 18:44:37 UTC 2026
// 重构日志: f9899097
// 重构日志: 7d09e582
// 同步 ID: 89be177a @ Tue Jul 21 17:33:37 UTC 2026
// 重构日志: 3da256e4
// 重构日志: 2fd2903e
// 重构日志: 1f78edb7
// 重构日志: a6c659af
// 重构日志: 27d18006
// 重构日志: 3abe1332
// 同步 ID: 0bedfdf6 @ Fri Jul 24 12:23:20 UTC 2026
// 同步 ID: 34955255 @ Sat Jul 25 13:39:49 UTC 2026
// 同步 ID: c4833194 @ Sun Jul 26 03:25:14 UTC 2026
// 同步 ID: 752479f0 @ Sun Jul 26 12:03:33 UTC 2026
// 重构日志: 6adbbfe8
// 同步 ID: 764f050b @ Tue Jul 28 12:11:37 UTC 2026
// 同步 ID: 1e761422 @ Tue Jul 28 22:21:24 UTC 2026
// 重构日志: 5582d16f
// 重构日志: 8c9ed0b2
// 重构日志: 71fb2732
// 同步 ID: f4cbef7b @ Thu Jul 30 13:44:45 UTC 2026
// 同步 ID: d1f8fec6 @ Fri Jul 31 14:36:48 UTC 2026
// 重构日志: 7dad4a22
// 同步 ID: 2ca2b67e @ Sat Aug  1 12:50:53 UTC 2026
// 重构日志: 56d05a2d
// 同步 ID: 3836243c @ Sun Aug  2 06:17:46 UTC 2026
// 重构日志: f1904b6d
// 重构日志: 2f0a44ef
// 同步 ID: 70d9472c @ Mon Aug  3 02:38:37 UTC 2026
// 重构日志: e523d6ce
// 重构日志: 70737bf2
